// Jest Snapshot v1, https://goo.gl/fbAQLP

exports[`ForgotPasswordSaga can successfully execute the forgotPassword saga without issues 1`] = `Object {}`;

exports[`ForgotPasswordSaga will fail because the service had a fatal error 1`] = `Object {}`;

exports[`ForgotPasswordSaga will fail because the service had a non-fatal error 1`] = `Object {}`;
