// Jest Snapshot v1, https://goo.gl/fbAQLP

exports[`can render an empty component 1`] = `
<View
  style={
    Object {
      "alignItems": "center",
      "flex": 1,
      "justifyContent": "center",
    }
  }
  testID="offers"
>
  <Text
    accessible={true}
    allowFontScaling={true}
    ellipsizeMode="tail"
  >
    Inactive Offers
  </Text>
</View>
`;
