// Jest Snapshot v1, https://goo.gl/fbAQLP

exports[`C360PhoneInputField can render an empty component 1`] = `
<withAnimatable(Styled(C360InputField))
  animation={undefined}
  delay={0}
  direction="normal"
  duration={undefined}
  easing={undefined}
  iterationCount={1}
  keyboardType="phone-pad"
  maxLength={14}
  onAnimationBegin={[Function]}
  onAnimationEnd={[Function]}
  onChangeText={[Function]}
  style={undefined}
  transition={undefined}
  useNativeDriver={false}
/>
`;
