// Jest Snapshot v1, https://goo.gl/fbAQLP

exports[`Render Login with Password screen Render Login with Password screen 1`] = `
<LoginPassword
  navigation={
    Object {
      "navigate": [Function],
      "state": Object {},
    }
  }
  style={
    Object {
      "createAccountContainer": Object {
        "alignSelf": "center",
      },
      "forgotPasswordContainer": Object {
        "alignSelf": "flex-start",
        "paddingLeft": 30,
        "paddingTop": 10,
      },
      "lightText": Object {
        "color": "#FFFFFF",
        "fontFamily": "ProximaNova-Light",
        "fontSize": 12,
      },
      "semiBoldText": Object {
        "color": "#FFFFFF",
        "fontFamily": "ProximaNova-Semibold",
        "fontSize": 12,
      },
    }
  }
  virtual={undefined}
/>
`;
