// Jest Snapshot v1, https://goo.gl/fbAQLP

exports[`authenticate() should return, whether or not the user authenticated successfully, with a boolean 1`] = `false`;

exports[`queryBiometricSupport() should return an object with isSupported and isSetup 1`] = `
Object {
  "isSupported": false,
  "supportedType": null,
}
`;
