// Jest Snapshot v1, https://goo.gl/fbAQLP

exports[`C360EmailInputField can render an empty component 1`] = `
<withAnimatable(Styled(C360InputField))
  animation={undefined}
  autoCapitalize="none"
  autoCorrect={false}
  delay={0}
  direction="normal"
  duration={undefined}
  easing={undefined}
  iterationCount={1}
  keyboardType="email-address"
  onAnimationBegin={[Function]}
  onAnimationEnd={[Function]}
  onChangeText={[Function]}
  style={undefined}
  transition={undefined}
  useNativeDriver={false}
/>
`;
